// Jest Snapshot v1, https://goo.gl/fbAQLP

exports[`registerTests API token page renders correctly 1`] = `
<DocumentFragment>
  <div
    class="container"
  >
    <h1
      class="pt-5 mb-4"
    >
      API Tokens
      <span
        class="float-right"
      >
        <div
          class="dropdown"
        >
          <button
            aria-expanded="false"
            aria-haspopup="true"
            class="dropdown-toggle btn btn-primary"
            type="button"
          >
            Create Token
          </button>
        </div>
      </span>
    </h1>
    <table
      class="table"
    >
      <thead>
        <tr>
          <th>
            App
          </th>
          <th>
            Token
          </th>
          <th
            class="text-center"
          >
            Action
          </th>
        </tr>
      </thead>
      <tbody>
        <tr>
          <td
            class="align-middle"
          >
            TestTokenHasNoMeaning
          </td>
          <td
            class="align-middle"
          >
            <button
              class="fade show btn btn-text text-secondary"
              type="button"
            >
              Click to show token...
            </button>
          </td>
          <td
            class="align-middle text-center"
          >
            <button
              class="btn btn-text btn-link"
              type="button"
            >
              Copy Token
            </button>
            <button
              class="btn btn-text text-danger"
              type="button"
            >
              Revoke Token
            </button>
          </td>
        </tr>
      </tbody>
    </table>
  </div>
</DocumentFragment>
`;
